---
source: src/server/webapp/templates/renderer.rs
expression: rendered
---
Ok(
    "Hello, World\n",
)
