---
source: src/server/webapp/templates/renderer.rs
expression: rendered
---
Ok(
    "Answer=41\n",
)
