// Jest Snapshot v1, https://goo.gl/fbAQLP

exports[`It renders correctly 1`] = `
<div>
  <div
    class="d-flex justify-content-center"
  >
    <div
      class="spinner-border"
      role="status"
    >
      <span
        class="sr-only"
      >
        Loading...
      </span>
    </div>
  </div>
</div>
`;
